*********************************************************************
* LD Score Regression (LDSC)
* Version 1.0.1
* (C) 2014-2019 Brendan Bulik-Sullivan and Hilary Finucane
* Broad Institute of MIT and Harvard / MIT Department of Mathematics
* GNU General Public License v3
*********************************************************************
Call: 
./ldsc.py \
--print-snps /dcs04/lieber/shared/statsgen/LDSC/base/referencefiles/hapmap3_snps/hm.8.snp \
--ld-wind-cm 1.0 \
--out /dcs05/lieber/marmaypag/LFF_spatialERC_LIBD4140/LFF_spatial_ERC/processed-data/18_LDSC/LDSC_sn_fine_specificity/Micro.2/chr.8 \
--bfile /dcs04/lieber/shared/statsgen/LDSC/base/referencefiles/1000G_EUR_Phase3_plink/1000G.EUR.QC.8 \
--thin-annot  \
--annot /dcs05/lieber/marmaypag/LFF_spatialERC_LIBD4140/LFF_spatial_ERC/processed-data/18_LDSC/LDSC_sn_fine_specificity/Micro.2/chr.8.annot.gz \
--l2  

Beginning analysis at Mon Aug 11 21:03:57 2025
Read list of 549971 SNPs from /dcs04/lieber/shared/statsgen/LDSC/base/referencefiles/1000G_EUR_Phase3_plink/1000G.EUR.QC.8.bim
Read 1 annotations for 549971 SNPs from /dcs05/lieber/marmaypag/LFF_spatialERC_LIBD4140/LFF_spatial_ERC/processed-data/18_LDSC/LDSC_sn_fine_specificity/Micro.2/chr.8.annot.gz
Read list of 489 individuals from /dcs04/lieber/shared/statsgen/LDSC/base/referencefiles/1000G_EUR_Phase3_plink/1000G.EUR.QC.8.fam
Reading genotypes from /dcs04/lieber/shared/statsgen/LDSC/base/referencefiles/1000G_EUR_Phase3_plink/1000G.EUR.QC.8.bed
Estimating LD Score.
Reading list of 75345 SNPs for which to print LD Scores from /dcs04/lieber/shared/statsgen/LDSC/base/referencefiles/hapmap3_snps/hm.8.snp
After merging with --print-snps, LD Scores for 65167 SNPs will be printed.
Writing LD Scores for 65167 SNPs to /dcs05/lieber/marmaypag/LFF_spatialERC_LIBD4140/LFF_spatial_ERC/processed-data/18_LDSC/LDSC_sn_fine_specificity/Micro.2/chr.8.l2.ldscore.gz

Summary of LD Scores in /dcs05/lieber/marmaypag/LFF_spatialERC_LIBD4140/LFF_spatial_ERC/processed-data/18_LDSC/LDSC_sn_fine_specificity/Micro.2/chr.8.l2.ldscore.gz
         MAF        L2
mean  0.2368   52.8448
std   0.1438   89.3770
min   0.0051   -3.4954
25%   0.1094    0.6891
50%   0.2270   11.3534
75%   0.3599   71.9305
max   0.5000  763.7984

MAF/LD Score Correlation Matrix
        MAF      L2
MAF  1.0000  0.0974
L2   0.0974  1.0000

Annotation Correlation Matrix
       ANNOT
ANNOT    1.0

Annotation Matrix Column Sums
ANNOT    198750

Summary of Annotation Matrix Row Sums
count    549971.0000
mean          0.3614
std           0.4804
min           0.0000
25%           0.0000
50%           0.0000
75%           1.0000
max           1.0000
Analysis finished at Mon Aug 11 21:06:57 2025
Total time elapsed: 2.0m:59.53s
