*********************************************************************
* LD Score Regression (LDSC)
* Version 1.0.1
* (C) 2014-2019 Brendan Bulik-Sullivan and Hilary Finucane
* Broad Institute of MIT and Harvard / MIT Department of Mathematics
* GNU General Public License v3
*********************************************************************
Call: 
./ldsc.py \
--print-snps /dcs04/lieber/shared/statsgen/LDSC/base/referencefiles/hapmap3_snps/hm.9.snp \
--ld-wind-cm 1.0 \
--out /dcs05/lieber/marmaypag/LFF_spatialERC_LIBD4140/LFF_spatial_ERC/processed-data/18_LDSC/LDSC_sn_fine_specificity/OPC.3/chr.9 \
--bfile /dcs04/lieber/shared/statsgen/LDSC/base/referencefiles/1000G_EUR_Phase3_plink/1000G.EUR.QC.9 \
--thin-annot  \
--annot /dcs05/lieber/marmaypag/LFF_spatialERC_LIBD4140/LFF_spatial_ERC/processed-data/18_LDSC/LDSC_sn_fine_specificity/OPC.3/chr.9.annot.gz \
--l2  

Beginning analysis at Mon Aug 11 21:27:02 2025
Read list of 438106 SNPs from /dcs04/lieber/shared/statsgen/LDSC/base/referencefiles/1000G_EUR_Phase3_plink/1000G.EUR.QC.9.bim
Read 1 annotations for 438106 SNPs from /dcs05/lieber/marmaypag/LFF_spatialERC_LIBD4140/LFF_spatial_ERC/processed-data/18_LDSC/LDSC_sn_fine_specificity/OPC.3/chr.9.annot.gz
Read list of 489 individuals from /dcs04/lieber/shared/statsgen/LDSC/base/referencefiles/1000G_EUR_Phase3_plink/1000G.EUR.QC.9.fam
Reading genotypes from /dcs04/lieber/shared/statsgen/LDSC/base/referencefiles/1000G_EUR_Phase3_plink/1000G.EUR.QC.9.bed
Estimating LD Score.
Reading list of 63706 SNPs for which to print LD Scores from /dcs04/lieber/shared/statsgen/LDSC/base/referencefiles/hapmap3_snps/hm.9.snp
After merging with --print-snps, LD Scores for 55885 SNPs will be printed.
Writing LD Scores for 55885 SNPs to /dcs05/lieber/marmaypag/LFF_spatialERC_LIBD4140/LFF_spatial_ERC/processed-data/18_LDSC/LDSC_sn_fine_specificity/OPC.3/chr.9.l2.ldscore.gz

Summary of LD Scores in /dcs05/lieber/marmaypag/LFF_spatialERC_LIBD4140/LFF_spatial_ERC/processed-data/18_LDSC/LDSC_sn_fine_specificity/OPC.3/chr.9.l2.ldscore.gz
         MAF        L2
mean  0.2343   44.9456
std   0.1436   70.7506
min   0.0051   -3.2171
25%   0.1084    0.1268
50%   0.2239   12.1162
75%   0.3558   64.1037
max   0.5000  680.8918

MAF/LD Score Correlation Matrix
        MAF      L2
MAF  1.0000  0.0703
L2   0.0703  1.0000

Annotation Correlation Matrix
       ANNOT
ANNOT    1.0

Annotation Matrix Column Sums
ANNOT    174392

Summary of Annotation Matrix Row Sums
count    438106.0000
mean          0.3981
std           0.4895
min           0.0000
25%           0.0000
50%           0.0000
75%           1.0000
max           1.0000
Analysis finished at Mon Aug 11 21:28:55 2025
Total time elapsed: 1.0m:53.04s
