*********************************************************************
* LD Score Regression (LDSC)
* Version 1.0.1
* (C) 2014-2019 Brendan Bulik-Sullivan and Hilary Finucane
* Broad Institute of MIT and Harvard / MIT Department of Mathematics
* GNU General Public License v3
*********************************************************************
Call: 
./ldsc.py \
--print-snps /dcs04/lieber/shared/statsgen/LDSC/base/referencefiles/hapmap3_snps/hm.20.snp \
--ld-wind-cm 1.0 \
--out /dcs05/lieber/marmaypag/LFF_spatialERC_LIBD4140/LFF_spatial_ERC/processed-data/18_LDSC/LDSC_sn_fine_specificity/Oligo.2/chr.20 \
--bfile /dcs04/lieber/shared/statsgen/LDSC/base/referencefiles/1000G_EUR_Phase3_plink/1000G.EUR.QC.20 \
--thin-annot  \
--annot /dcs05/lieber/marmaypag/LFF_spatialERC_LIBD4140/LFF_spatial_ERC/processed-data/18_LDSC/LDSC_sn_fine_specificity/Oligo.2/chr.20.annot.gz \
--l2  

Beginning analysis at Mon Aug 11 21:32:33 2025
Read list of 221626 SNPs from /dcs04/lieber/shared/statsgen/LDSC/base/referencefiles/1000G_EUR_Phase3_plink/1000G.EUR.QC.20.bim
Read 1 annotations for 221626 SNPs from /dcs05/lieber/marmaypag/LFF_spatialERC_LIBD4140/LFF_spatial_ERC/processed-data/18_LDSC/LDSC_sn_fine_specificity/Oligo.2/chr.20.annot.gz
Read list of 489 individuals from /dcs04/lieber/shared/statsgen/LDSC/base/referencefiles/1000G_EUR_Phase3_plink/1000G.EUR.QC.20.fam
Reading genotypes from /dcs04/lieber/shared/statsgen/LDSC/base/referencefiles/1000G_EUR_Phase3_plink/1000G.EUR.QC.20.bed
Estimating LD Score.
Reading list of 36301 SNPs for which to print LD Scores from /dcs04/lieber/shared/statsgen/LDSC/base/referencefiles/hapmap3_snps/hm.20.snp
After merging with --print-snps, LD Scores for 31359 SNPs will be printed.
Writing LD Scores for 31359 SNPs to /dcs05/lieber/marmaypag/LFF_spatialERC_LIBD4140/LFF_spatial_ERC/processed-data/18_LDSC/LDSC_sn_fine_specificity/Oligo.2/chr.20.l2.ldscore.gz

Summary of LD Scores in /dcs05/lieber/marmaypag/LFF_spatialERC_LIBD4140/LFF_spatial_ERC/processed-data/18_LDSC/LDSC_sn_fine_specificity/Oligo.2/chr.20.l2.ldscore.gz
         MAF        L2
mean  0.2336   37.4255
std   0.1437   73.6853
min   0.0051   -2.5811
25%   0.1063    0.0000
50%   0.2219    2.8543
75%   0.3569   42.6591
max   0.5000  584.9187

MAF/LD Score Correlation Matrix
       MAF     L2
MAF  1.000  0.094
L2   0.094  1.000

Annotation Correlation Matrix
       ANNOT
ANNOT    1.0

Annotation Matrix Column Sums
ANNOT    75590

Summary of Annotation Matrix Row Sums
count    221626.0000
mean          0.3411
std           0.4741
min           0.0000
25%           0.0000
50%           0.0000
75%           1.0000
max           1.0000
Analysis finished at Mon Aug 11 21:33:29 2025
Total time elapsed: 56.08s
