*********************************************************************
* LD Score Regression (LDSC)
* Version 1.0.1
* (C) 2014-2019 Brendan Bulik-Sullivan and Hilary Finucane
* Broad Institute of MIT and Harvard / MIT Department of Mathematics
* GNU General Public License v3
*********************************************************************
Call: 
./ldsc.py \
--print-snps /dcs04/lieber/shared/statsgen/LDSC/base/referencefiles/hapmap3_snps/hm.18.snp \
--ld-wind-cm 1.0 \
--out /dcs05/lieber/marmaypag/LFF_spatialERC_LIBD4140/LFF_spatial_ERC/processed-data/18_LDSC/LDSC_sn_fine_specificity/Inhib.Pvalb/chr.18 \
--bfile /dcs04/lieber/shared/statsgen/LDSC/base/referencefiles/1000G_EUR_Phase3_plink/1000G.EUR.QC.18 \
--thin-annot  \
--annot /dcs05/lieber/marmaypag/LFF_spatialERC_LIBD4140/LFF_spatial_ERC/processed-data/18_LDSC/LDSC_sn_fine_specificity/Inhib.Pvalb/chr.18.annot.gz \
--l2  

Beginning analysis at Mon Aug 11 20:34:39 2025
Read list of 285156 SNPs from /dcs04/lieber/shared/statsgen/LDSC/base/referencefiles/1000G_EUR_Phase3_plink/1000G.EUR.QC.18.bim
Read 1 annotations for 285156 SNPs from /dcs05/lieber/marmaypag/LFF_spatialERC_LIBD4140/LFF_spatial_ERC/processed-data/18_LDSC/LDSC_sn_fine_specificity/Inhib.Pvalb/chr.18.annot.gz
Read list of 489 individuals from /dcs04/lieber/shared/statsgen/LDSC/base/referencefiles/1000G_EUR_Phase3_plink/1000G.EUR.QC.18.fam
Reading genotypes from /dcs04/lieber/shared/statsgen/LDSC/base/referencefiles/1000G_EUR_Phase3_plink/1000G.EUR.QC.18.bed
Estimating LD Score.
Reading list of 40891 SNPs for which to print LD Scores from /dcs04/lieber/shared/statsgen/LDSC/base/referencefiles/hapmap3_snps/hm.18.snp
After merging with --print-snps, LD Scores for 35326 SNPs will be printed.
Writing LD Scores for 35326 SNPs to /dcs05/lieber/marmaypag/LFF_spatialERC_LIBD4140/LFF_spatial_ERC/processed-data/18_LDSC/LDSC_sn_fine_specificity/Inhib.Pvalb/chr.18.l2.ldscore.gz

Summary of LD Scores in /dcs05/lieber/marmaypag/LFF_spatialERC_LIBD4140/LFF_spatial_ERC/processed-data/18_LDSC/LDSC_sn_fine_specificity/Inhib.Pvalb/chr.18.l2.ldscore.gz
         MAF        L2
mean  0.2356   37.8248
std   0.1434   64.0659
min   0.0051   -2.7650
25%   0.1094    0.0880
50%   0.2249    7.2787
75%   0.3569   51.9347
max   0.5000  594.6615

MAF/LD Score Correlation Matrix
        MAF      L2
MAF  1.0000  0.0733
L2   0.0733  1.0000

Annotation Correlation Matrix
       ANNOT
ANNOT    1.0

Annotation Matrix Column Sums
ANNOT    104007

Summary of Annotation Matrix Row Sums
count    285156.0000
mean          0.3647
std           0.4814
min           0.0000
25%           0.0000
50%           0.0000
75%           1.0000
max           1.0000
Analysis finished at Mon Aug 11 20:35:44 2025
Total time elapsed: 1.0m:5.02s
